"Global_Index", "x_coord", "y_coord", "z_coord", "Pressure", "Pressure_Coefficient", "Mach_Number"
